[33mÔØ»[39m Building...
[32mÔ£ö[39m Building...
Application bundle generation failed. [5.340 seconds]

node.exe : 
[1m[31m[31mX [41;3
1m[[41;97mERROR[41;3
1m][0m [1mTS2307: 
Cannot find module 
'../auth.service' or 
its corresponding 
type 
declarations.[0m 
[1m[35m[plugin 
angular-compiler][0m
En C:\Users\danus\AppD
ata\Roaming\npm\ng.ps1
: 24 Carácter: 5
+     & "node$exe"  "$
basedir/node_modules/@
angular/cli/bin/ng.js"
 $arg ...
+     ~~~~~~~~~~~~~~~~
~~~~~~~~~~~~~~~~~~~~~~
~~~~~~~~~~~~~~~~~~~~~~
~~~~~
    + CategoryInfo    
          : NotSpeci  
  fied: ([1m[31m   
 [31mX...r-compile    
r][0m:String) []    
, RemoteException
    + FullyQualifiedE 
   rrorId : NativeCo  
  mmandError
 

    src/app/auth/login
/login.component.ts:5:
28:
[37m      5 Ôöé 
import { AuthService 
} from [32m'../auth.s
ervice'[37m;
        ÔòÁ           
                  [32
m~~~~~~~~~~~~~~~~~[0m


[31mX [41;31m[[41;9
7mERROR[41;31m][0m 
[1mTS-992003: No 
suitable injection 
token for parameter 
'authService' of 
class 
'LoginComponent'.
  Consider using the 
@Inject decorator to 
specify an injection 
token.[0m 
[1m[35m[plugin 
angular-compiler][0m

    src/app/auth/login
/login.component.ts:24
:16:
[37m      24 Ôöé     
    private [32mauthS
ervice[37m: 
AuthService,
         ÔòÁ          
       
[32m~~~~~~~~~~~[0m

  This type does not 
have a value, so it 
cannot be used as 
injection token.

    src/app/auth/login
/login.component.ts:24
:29:
[37m      24 Ôöé     
    private 
authService: 
[32mAuthService[37m,
         ÔòÁ          
                    
[32m~~~~~~~~~~~[0m


[31mX [41;31m[[41;9
7mERROR[41;31m][0m 
[1mTS7006: Parameter 
'response' implicitly 
has an 'any' 
type.[0m 
[1m[35m[plugin 
angular-compiler][0m

    src/app/auth/login
/login.component.ts:43
:19:
[37m      43 Ôöé     
        next: 
([32mresponse[37m) 
=> {
         ÔòÁ          
          
[32m~~~~~~~~[0m


[31mX [41;31m[[41;9
7mERROR[41;31m][0m 
[1mTS7006: Parameter 
'error' implicitly 
has an 'any' 
type.[0m 
[1m[35m[plugin 
angular-compiler][0m

    src/app/auth/login
/login.component.ts:51
:20:
[37m      51 Ôöé     
        error: 
([32merror[37m) => {
         ÔòÁ          
           
[32m~~~~~[0m


[31mX [41;31m[[41;9
7mERROR[41;31m][0m 
[1mNG9: Property 
'isEdit' does not 
exist on type 'Categor
iaFormComponent'.[0m 
[1m[35m[plugin 
angular-compiler][0m

    src/app/components
/categoria/categoria-f
orm/categoria-form.com
ponent.html:4:19:
[37m      4 Ôöé      
       <h2>{{ 
[32misEdit[37m ? '
ƒøá´©Å Editar 
Categor├¡a' : 'ƒøá´©Å 
...
        ÔòÁ           
         
[32m~~~~~~[0m

  Error occurs in the 
template of component 
CategoriaFormComponent
.

    src/app/components
/categoria/categoria-f
orm/categoria-form.com
ponent.ts:10:17:
[37m      10 Ôöé     
templateUrl: [32m'./c
ategoria-form.componen
t.html'[37m,
         ÔòÁ          
        [32m~~~~~~~~~
~~~~~~~~~~~~~~~~~~~~~~
~~[0m


[31mX [41;31m[[41;9
7mERROR[41;31m][0m 
[1mNG9: Property 
'form' does not exist 
on type 'CategoriaForm
Component'.[0m 
[1m[35m[plugin 
angular-compiler][0m

    src/app/components
/categoria/categoria-f
orm/categoria-form.com
ponent.html:9:31:
[37m      9 Ôöé      
       <form [formGrou
p]="[32mform[37m" (n
gSubmit)="onSubmit()">
        ÔòÁ           
                     
[32m~~~~[0m

  Error occurs in the 
template of component 
CategoriaFormComponent
.

    src/app/components
/categoria/categoria-f
orm/categoria-form.com
ponent.ts:10:17:
[37m      10 Ôöé     
templateUrl: [32m'./c
ategoria-form.componen
t.html'[37m,
         ÔòÁ          
        [32m~~~~~~~~~
~~~~~~~~~~~~~~~~~~~~~~
~~[0m


[31mX [41;31m[[41;9
7mERROR[41;31m][0m 
[1mNG9: Property 
'form' does not exist 
on type 'CategoriaForm
Component'.[0m 
[1m[35m[plugin 
angular-compiler][0m

    src/app/components
/categoria/categoria-f
orm/categoria-form.com
ponent.html:23:74:
[37m      23 Ôöé 
...it" 
class="btn-primary" [d
isabled]="[32mform[3
7m.invalid">Guardar</b
utton>
         ÔòÁ          
                      
        [32m~~~~[0m

  Error occurs in the 
template of component 
CategoriaFormComponent
.

    src/app/components
/categoria/categoria-f
orm/categoria-form.com
ponent.ts:10:17:
[37m      10 Ôöé     
templateUrl: [32m'./c
ategoria-form.componen
t.html'[37m,
         ÔòÁ          
        [32m~~~~~~~~~
~~~~~~~~~~~~~~~~~~~~~~
~~[0m


[31mX [41;31m[[41;9
7mERROR[41;31m][0m 
[1mNG9: Property 
'isEdit' does not 
exist on type 'CitaFor
mComponent'.[0m 
[1m[35m[plugin 
angular-compiler][0m

    src/app/components
/cita/cita-form/cita-f
orm.component.html:4:1
9:
[37m      4 Ôöé      
       <h2>{{ 
[32misEdit[37m ? '
ƒôà Editar Cita' : '
ƒôà Registrar Nu...
        ÔòÁ           
         
[32m~~~~~~[0m

  Error occurs in the 
template of component 
CitaFormComponent.

    src/app/components
/cita/cita-form/cita-f
orm.component.ts:16:17
:
[37m      16 Ôöé     
templateUrl: [32m'./c
ita-form.component.htm
l'[37m,
         ÔòÁ          
        [32m~~~~~~~~~
~~~~~~~~~~~~~~~~~~~[0
m


[31mX [41;31m[[41;9
7mERROR[41;31m][0m 
[1mNG9: Property 
'form' does not exist 
on type 'CitaFormCompo
nent'.[0m 
[1m[35m[plugin 
angular-compiler][0m

    src/app/components
/cita/cita-form/cita-f
orm.component.html:9:3
1:
[37m      9 Ôöé      
       <form [formGrou
p]="[32mform[37m" (n
gSubmit)="onSubmit()">
        ÔòÁ           
                     
[32m~~~~[0m

  Error occurs in the 
template of component 
CitaFormComponent.

    src/app/components
/cita/cita-form/cita-f
orm.component.ts:16:17
:
[37m      16 Ôöé     
templateUrl: [32m'./c
ita-form.component.htm
l'[37m,
         ÔòÁ          
        [32m~~~~~~~~~
~~~~~~~~~~~~~~~~~~~[0
m


[31mX [41;31m[[41;9
7mERROR[41;31m][0m 
[1mNG9: Property 
'form' does not exist 
on type 'CitaFormCompo
nent'.[0m 
[1m[35m[plugin 
angular-compiler][0m

    src/app/components
/cita/cita-form/cita-f
orm.component.html:35:
74:
[37m      35 Ôöé 
...it" 
class="btn-primary" [d
isabled]="[32mform[3
7m.invalid">Guardar</b
utton>
         ÔòÁ          
                      
        [32m~~~~[0m

  Error occurs in the 
template of component 
CitaFormComponent.

    src/app/components
/cita/cita-form/cita-f
orm.component.ts:16:17
:
[37m      16 Ôöé     
templateUrl: [32m'./c
ita-form.component.htm
l'[37m,
         ÔòÁ          
        [32m~~~~~~~~~
~~~~~~~~~~~~~~~~~~~[0
m


[31mX [41;31m[[41;9
7mERROR[41;31m][0m 
[1mNG9: Property 
'isEdit' does not 
exist on type 'Cliente
FormComponent'.[0m 
[1m[35m[plugin 
angular-compiler][0m

    src/app/components
/cliente/cliente-form/
cliente-form.component
.html:3:15:
[37m      3 Ôöé      
   <h1>{{ 
[32misEdit[37m ? 
'Editar' : 'Nuevo' }} 
Cliente</h1>
        ÔòÁ           
     [32m~~~~~~[0m

  Error occurs in the 
template of component 
ClienteFormComponent.

    src/app/components
/cliente/cliente-form/
cliente-form.component
.ts:12:17:
[37m      12 Ôöé     
templateUrl: [32m'./c
liente-form.component.
html'[37m,
         ÔòÁ          
        [32m~~~~~~~~~
~~~~~~~~~~~~~~~~~~~~~~
[0m


[31mX [41;31m[[41;9
7mERROR[41;31m][0m 
[1mNG9: Property 
'form' does not exist 
on type 'ClienteFormCo
mponent'.[0m 
[1m[35m[plugin 
angular-compiler][0m

    src/app/components
/cliente/cliente-form/
cliente-form.component
.html:7:27:
[37m      7 Ôöé      
   <form [formGroup]="
[32mform[37m" (ngSub
mit)="onSubmit()">
        ÔòÁ           
                 
[32m~~~~[0m

  Error occurs in the 
template of component 
ClienteFormComponent.

    src/app/components
/cliente/cliente-form/
cliente-form.component
.ts:12:17:
[37m      12 Ôöé     
templateUrl: [32m'./c
liente-form.component.
html'[37m,
         ÔòÁ          
        [32m~~~~~~~~~
~~~~~~~~~~~~~~~~~~~~~~
[0m


[31mX [41;31m[[41;9
7mERROR[41;31m][0m 
[1mNG9: Property 
'form' does not exist 
on type 'ClienteFormCo
mponent'.[0m 
[1m[35m[plugin 
angular-compiler][0m

    src/app/components
/cliente/cliente-form/
cliente-form.component
.html:33:70:
[37m      33 Ôöé 
...it" 
class="btn-primary" [d
isabled]="[32mform[3
7m.invalid">Guardar</b
utton>
         ÔòÁ          
                      
        [32m~~~~[0m

  Error occurs in the 
template of component 
ClienteFormComponent.

    src/app/components
/cliente/cliente-form/
cliente-form.component
.ts:12:17:
[37m      12 Ôöé     
templateUrl: [32m'./c
liente-form.component.
html'[37m,
         ÔòÁ          
        [32m~~~~~~~~~
~~~~~~~~~~~~~~~~~~~~~~
[0m


[31mX [41;31m[[41;9
7mERROR[41;31m][0m 
[1mNG9: Property 
'isEdit' does not 
exist on type 'Histori
alFormComponent'.[0m 
[1m[35m[plugin 
angular-compiler][0m

    src/app/components
/historial/historial-f
orm/historial-form.com
ponent.html:4:19:
[37m      4 Ôöé      
       <h2>{{ 
[32misEdit[37m ? '
ƒôØ Editar Historial' 
: 'ƒôØ Registr...
        ÔòÁ           
         
[32m~~~~~~[0m

  Error occurs in the 
template of component 
HistorialFormComponent
.

    src/app/components
/historial/historial-f
orm/historial-form.com
ponent.ts:12:17:
[37m      12 Ôöé     
templateUrl: [32m'./h
istorial-form.componen
t.html'[37m,
         ÔòÁ          
        [32m~~~~~~~~~
~~~~~~~~~~~~~~~~~~~~~~
~~[0m


[31mX [41;31m[[41;9
7mERROR[41;31m][0m 
[1mNG9: Property 
'form' does not exist 
on type 'HistorialForm
Component'.[0m 
[1m[35m[plugin 
angular-compiler][0m

    src/app/components
/historial/historial-f
orm/historial-form.com
ponent.html:9:31:
[37m      9 Ôöé      
       <form [formGrou
p]="[32mform[37m" (n
gSubmit)="onSubmit()">
        ÔòÁ           
                     
[32m~~~~[0m

  Error occurs in the 
template of component 
HistorialFormComponent
.

    src/app/components
/historial/historial-f
orm/historial-form.com
ponent.ts:12:17:
[37m      12 Ôöé     
templateUrl: [32m'./h
istorial-form.componen
t.html'[37m,
         ÔòÁ          
        [32m~~~~~~~~~
~~~~~~~~~~~~~~~~~~~~~~
~~[0m


[31mX [41;31m[[41;9
7mERROR[41;31m][0m 
[1mNG9: Property 
'form' does not exist 
on type 'HistorialForm
Component'.[0m 
[1m[35m[plugin 
angular-compiler][0m

    src/app/components
/historial/historial-f
orm/historial-form.com
ponent.html:31:74:
[37m      31 Ôöé 
...it" 
class="btn-primary" [d
isabled]="[32mform[3
7m.invalid">Guardar</b
utton>
         ÔòÁ          
                      
        [32m~~~~[0m

  Error occurs in the 
template of component 
HistorialFormComponent
.

    src/app/components
/historial/historial-f
orm/historial-form.com
ponent.ts:12:17:
[37m      12 Ôöé     
templateUrl: [32m'./h
istorial-form.componen
t.html'[37m,
         ÔòÁ          
        [32m~~~~~~~~~
~~~~~~~~~~~~~~~~~~~~~~
~~[0m


[31mX [41;31m[[41;9
7mERROR[41;31m][0m 
[1mNG9: Property 
'isEdit' does not 
exist on type 'Mascota
FormComponent'.[0m 
[1m[35m[plugin 
angular-compiler][0m

    src/app/components
/mascota/mascota-form/
mascota-form.component
.html:4:19:
[37m      4 Ôöé      
       <h2>{{ 
[32misEdit[37m ? '
ƒøá´©Å Editar 
Mascota' : 'ƒøá´©Å 
Reg...
        ÔòÁ           
         
[32m~~~~~~[0m

  Error occurs in the 
template of component 
MascotaFormComponent.

    src/app/components
/mascota/mascota-form/
mascota-form.component
.ts:12:17:
[37m      12 Ôöé     
templateUrl: [32m'./m
ascota-form.component.
html'[37m,
         ÔòÁ          
        [32m~~~~~~~~~
~~~~~~~~~~~~~~~~~~~~~~
[0m


[31mX [41;31m[[41;9
7mERROR[41;31m][0m 
[1mNG9: Property 
'form' does not exist 
on type 'MascotaFormCo
mponent'.[0m 
[1m[35m[plugin 
angular-compiler][0m

    src/app/components
/mascota/mascota-form/
mascota-form.component
.html:9:31:
[37m      9 Ôöé      
       <form [formGrou
p]="[32mform[37m" (n
gSubmit)="onSubmit()">
        ÔòÁ           
                     
[32m~~~~[0m

  Error occurs in the 
template of component 
MascotaFormComponent.

    src/app/components
/mascota/mascota-form/
mascota-form.component
.ts:12:17:
[37m      12 Ôöé     
templateUrl: [32m'./m
ascota-form.component.
html'[37m,
         ÔòÁ          
        [32m~~~~~~~~~
~~~~~~~~~~~~~~~~~~~~~~
[0m


[31mX [41;31m[[41;9
7mERROR[41;31m][0m 
[1mNG9: Property 
'form' does not exist 
on type 'MascotaFormCo
mponent'.[0m 
[1m[35m[plugin 
angular-compiler][0m

    src/app/components
/mascota/mascota-form/
mascota-form.component
.html:35:74:
[37m      35 Ôöé 
...it" 
class="btn-primary" [d
isabled]="[32mform[3
7m.invalid">Guardar</b
utton>
         ÔòÁ          
                      
        [32m~~~~[0m

  Error occurs in the 
template of component 
MascotaFormComponent.

    src/app/components
/mascota/mascota-form/
mascota-form.component
.ts:12:17:
[37m      12 Ôöé     
templateUrl: [32m'./m
ascota-form.component.
html'[37m,
         ÔòÁ          
        [32m~~~~~~~~~
~~~~~~~~~~~~~~~~~~~~~~
[0m


[31mX [41;31m[[41;9
7mERROR[41;31m][0m 
[1mNG9: Property 
'isEdit' does not 
exist on type 'Product
oFormComponent'.[0m 
[1m[35m[plugin 
angular-compiler][0m

    src/app/components
/producto/producto-for
m/producto-form.compon
ent.html:3:15:
[37m      3 Ôöé      
   <h1>{{ 
[32misEdit[37m ? 
'Editar' : 'Nuevo' }} 
Producto</h1>
        ÔòÁ           
     [32m~~~~~~[0m

  Error occurs in the 
template of component 
ProductoFormComponent.

    src/app/components
/producto/producto-for
m/producto-form.compon
ent.ts:13:17:
[37m      13 Ôöé     
templateUrl: [32m'./p
roducto-form.component
.html'[37m,
         ÔòÁ          
        [32m~~~~~~~~~
~~~~~~~~~~~~~~~~~~~~~~
~[0m


[31mX [41;31m[[41;9
7mERROR[41;31m][0m 
[1mNG9: Property 
'form' does not exist 
on type 'ProductoFormC
omponent'.[0m 
[1m[35m[plugin 
angular-compiler][0m

    src/app/components
/producto/producto-for
m/producto-form.compon
ent.html:7:27:
[37m      7 Ôöé      
   <form [formGroup]="
[32mform[37m" (ngSub
mit)="onSubmit()">
        ÔòÁ           
                 
[32m~~~~[0m

  Error occurs in the 
template of component 
ProductoFormComponent.

    src/app/components
/producto/producto-for
m/producto-form.compon
ent.ts:13:17:
[37m      13 Ôöé     
templateUrl: [32m'./p
roducto-form.component
.html'[37m,
         ÔòÁ          
        [32m~~~~~~~~~
~~~~~~~~~~~~~~~~~~~~~~
~[0m


[31mX [41;31m[[41;9
7mERROR[41;31m][0m 
[1mNG9: Property 
'form' does not exist 
on type 'ProductoFormC
omponent'.[0m 
[1m[35m[plugin 
angular-compiler][0m

    src/app/components
/producto/producto-for
m/producto-form.compon
ent.html:38:70:
[37m      38 Ôöé 
...it" 
class="btn-primary" [d
isabled]="[32mform[3
7m.invalid">Guardar</b
utton>
         ÔòÁ          
                      
        [32m~~~~[0m

  Error occurs in the 
template of component 
ProductoFormComponent.

    src/app/components
/producto/producto-for
m/producto-form.compon
ent.ts:13:17:
[37m      13 Ôöé     
templateUrl: [32m'./p
roducto-form.component
.html'[37m,
         ÔòÁ          
        [32m~~~~~~~~~
~~~~~~~~~~~~~~~~~~~~~~
~[0m


[31mX [41;31m[[41;9
7mERROR[41;31m][0m 
[1mNG9: Property 
'isEdit' does not 
exist on type 'Proveed
orFormComponent'.[0m 
[1m[35m[plugin 
angular-compiler][0m

    src/app/components
/proveedor/proveedor-f
orm/proveedor-form.com
ponent.html:4:19:
[37m      4 Ôöé      
       <h2>{{ 
[32misEdit[37m ? '
ƒøá´©Å Editar 
Proveedor' : 'ƒøá´©Å 
R...
        ÔòÁ           
         
[32m~~~~~~[0m

  Error occurs in the 
template of component 
ProveedorFormComponent
.

    src/app/components
/proveedor/proveedor-f
orm/proveedor-form.com
ponent.ts:10:17:
[37m      10 Ôöé     
templateUrl: [32m'./p
roveedor-form.componen
t.html'[37m,
         ÔòÁ          
        [32m~~~~~~~~~
~~~~~~~~~~~~~~~~~~~~~~
~~[0m


[31mX [41;31m[[41;9
7mERROR[41;31m][0m 
[1mNG9: Property 
'form' does not exist 
on type 'ProveedorForm
Component'.[0m 
[1m[35m[plugin 
angular-compiler][0m

    src/app/components
/proveedor/proveedor-f
orm/proveedor-form.com
ponent.html:9:31:
[37m      9 Ôöé      
       <form [formGrou
p]="[32mform[37m" (n
gSubmit)="onSubmit()">
        ÔòÁ           
                     
[32m~~~~[0m

  Error occurs in the 
template of component 
ProveedorFormComponent
.

    src/app/components
/proveedor/proveedor-f
orm/proveedor-form.com
ponent.ts:10:17:
[37m      10 Ôöé     
templateUrl: [32m'./p
roveedor-form.componen
t.html'[37m,
         ÔòÁ          
        [32m~~~~~~~~~
~~~~~~~~~~~~~~~~~~~~~~
~~[0m


[31mX [41;31m[[41;9
7mERROR[41;31m][0m 
[1mNG9: Property 
'form' does not exist 
on type 'ProveedorForm
Component'.[0m 
[1m[35m[plugin 
angular-compiler][0m

    src/app/components
/proveedor/proveedor-f
orm/proveedor-form.com
ponent.html:35:74:
[37m      35 Ôöé 
...it" 
class="btn-primary" [d
isabled]="[32mform[3
7m.invalid">Guardar</b
utton>
         ÔòÁ          
                      
        [32m~~~~[0m

  Error occurs in the 
template of component 
ProveedorFormComponent
.

    src/app/components
/proveedor/proveedor-f
orm/proveedor-form.com
ponent.ts:10:17:
[37m      10 Ôöé     
templateUrl: [32m'./p
roveedor-form.componen
t.html'[37m,
         ÔòÁ          
        [32m~~~~~~~~~
~~~~~~~~~~~~~~~~~~~~~~
~~[0m


[31mX [41;31m[[41;9
7mERROR[41;31m][0m 
[1mTS2769: No 
overload matches this 
call.
  Overload 1 of 2, 
'(observerOrNext?: Par
tial<Observer<ReporteV
entasResponse>> | 
((value: ReporteVentas
Response) => void) | 
undefined): 
Subscription', gave 
the following error.
    Argument of type 
'(data: 
VentaReporte[]) => 
void' is not 
assignable to 
parameter of type 'Par
tial<Observer<ReporteV
entasResponse>> | 
((value: ReporteVentas
Response) => void) | 
undefined'.
      Type '(data: 
VentaReporte[]) => 
void' is not 
assignable to type 
'(value: ReporteVentas
Response) => void'.
        Types of 
parameters 'data' and 
'value' are 
incompatible.
          Type 'Report
eVentasResponse' is 
missing the following 
properties from type 
'ReporteVenta[]': 
length, pop, push, 
concat, and 29 more.
  Overload 2 of 2, 
'(next?: ((value: Repo
rteVentasResponse) => 
void) | null | 
undefined, error?: 
((error: any) => 
void) | null | 
undefined, complete?: 
(() => void) | null | 
undefined): 
Subscription', gave 
the following error.
    Argument of type 
'(data: 
VentaReporte[]) => 
void' is not 
assignable to 
parameter of type 
'(value: ReporteVentas
Response) => void'.
      Types of 
parameters 'data' and 
'value' are 
incompatible.
        Type 'ReporteV
entasResponse' is 
missing the following 
properties from type 
'ReporteVenta[]': 
length, pop, push, 
concat, and 29 
more.[0m 
[1m[35m[plugin 
angular-compiler][0m

    src/app/components
/reportes/reporte-vent
as/reporte-ventas.comp
onent.ts:31:50:
[37m      31 Ôöé ...s
.service.getVentas(fil
ters).subscribe([32m(
data: VentaReporte[]) 
=> {[37m
         ÔòÁ          
                      
           [32m~~~~~~
~~~~~~~~~~~~~~~~~~~~~
[0m


[31mX [41;31m[[41;9
7mERROR[41;31m][0m 
[1mNG9: Property 
'isEdit' does not 
exist on type 'Usuario
FormComponent'.[0m 
[1m[35m[plugin 
angular-compiler][0m

    src/app/components
/usuario/usuario-form/
usuario-form.component
.html:4:19:
[37m      4 Ôöé      
       <h2>{{ 
[32misEdit[37m ? '
ƒøá´©Å Editar 
Usuario' : 'ƒøá´©Å 
Reg...
        ÔòÁ           
         
[32m~~~~~~[0m

  Error occurs in the 
template of component 
UsuarioFormComponent.

    src/app/components
/usuario/usuario-form/
usuario-form.component
.ts:10:17:
[37m      10 Ôöé     
templateUrl: [32m'./u
suario-form.component.
html'[37m,
         ÔòÁ          
        [32m~~~~~~~~~
~~~~~~~~~~~~~~~~~~~~~~
[0m


[31mX [41;31m[[41;9
7mERROR[41;31m][0m 
[1mNG9: Property 
'form' does not exist 
on type 'UsuarioFormCo
mponent'.[0m 
[1m[35m[plugin 
angular-compiler][0m

    src/app/components
/usuario/usuario-form/
usuario-form.component
.html:9:31:
[37m      9 Ôöé      
       <form [formGrou
p]="[32mform[37m" (n
gSubmit)="onSubmit()">
        ÔòÁ           
                     
[32m~~~~[0m

  Error occurs in the 
template of component 
UsuarioFormComponent.

    src/app/components
/usuario/usuario-form/
usuario-form.component
.ts:10:17:
[37m      10 Ôöé     
templateUrl: [32m'./u
suario-form.component.
html'[37m,
         ÔòÁ          
        [32m~~~~~~~~~
~~~~~~~~~~~~~~~~~~~~~~
[0m


[31mX [41;31m[[41;9
7mERROR[41;31m][0m 
[1mNG9: Property 
'form' does not exist 
on type 'UsuarioFormCo
mponent'.[0m 
[1m[35m[plugin 
angular-compiler][0m

    src/app/components
/usuario/usuario-form/
usuario-form.component
.html:34:74:
[37m      34 Ôöé 
...it" 
class="btn-primary" [d
isabled]="[32mform[3
7m.invalid">Guardar</b
utton>
         ÔòÁ          
                      
        [32m~~~~[0m

  Error occurs in the 
template of component 
UsuarioFormComponent.

    src/app/components
/usuario/usuario-form/
usuario-form.component
.ts:10:17:
[37m      10 Ôöé     
templateUrl: [32m'./u
suario-form.component.
html'[37m,
         ÔòÁ          
        [32m~~~~~~~~~
~~~~~~~~~~~~~~~~~~~~~~
[0m

[39m[22m
