[33mÔØ»[39m Building...
[32mÔ£ö[39m Building...
Application bundle generation failed. [5.164 seconds]

node.exe : [1m[31m[31mX [
41;31m[[41;97mERROR[41;31m]
[0m [1mTS2307: Cannot find 
module '../auth.service' or 
its corresponding type 
declarations.[0m 
[1m[35m[plugin 
angular-compiler][0m
En C:\Users\danus\AppData\Roa
ming\npm\ng.ps1: 24 
Carácter: 5
+     & "node$exe"  "$basedir
/node_modules/@angular/cli/bi
n/ng.js" $arg ...
+     ~~~~~~~~~~~~~~~~~~~~~~~
~~~~~~~~~~~~~~~~~~~~~~~~~~~~~
~~~~~~~~~~~~~
    + CategoryInfo           
   : NotSpecified: ([1m[3  
  1m[31mX...r-compiler][   
 0m:String) [], RemoteExc    
eption
    + FullyQualifiedErrorId  
   : NativeCommandError
 

    src/app/auth/login/login.
component.ts:5:28:
[37m      5 Ôöé import { 
AuthService } from 
[32m'../auth.service'[37m;
        ÔòÁ                  
           
[32m~~~~~~~~~~~~~~~~~[0m


[31mX [41;31m[[41;97mERROR
[41;31m][0m [1mTS-992003: 
No suitable injection token 
for parameter 'authService' 
of class 'LoginComponent'.
  Consider using the @Inject 
decorator to specify an 
injection token.[0m 
[1m[35m[plugin 
angular-compiler][0m

    src/app/auth/login/login.
component.ts:24:16:
[37m      24 Ôöé         
private 
[32mauthService[37m: 
AuthService,
         ÔòÁ                 
[32m~~~~~~~~~~~[0m

  This type does not have a 
value, so it cannot be used 
as injection token.

    src/app/auth/login/login.
component.ts:24:29:
[37m      24 Ôöé         
private authService: 
[32mAuthService[37m,
         ÔòÁ                 
             
[32m~~~~~~~~~~~[0m


[31mX [41;31m[[41;97mERROR
[41;31m][0m [1mTS7006: 
Parameter 'response' 
implicitly has an 'any' 
type.[0m [1m[35m[plugin 
angular-compiler][0m

    src/app/auth/login/login.
component.ts:43:19:
[37m      43 Ôöé            
 next: ([32mresponse[37m) 
=> {
         ÔòÁ                 
   [32m~~~~~~~~[0m


[31mX [41;31m[[41;97mERROR
[41;31m][0m [1mTS7006: 
Parameter 'error' implicitly 
has an 'any' type.[0m 
[1m[35m[plugin 
angular-compiler][0m

    src/app/auth/login/login.
component.ts:51:20:
[37m      51 Ôöé            
 error: ([32merror[37m) => 
{
         ÔòÁ                 
    [32m~~~~~[0m


[31mX [41;31m[[41;97mERROR
[41;31m][0m [1mTS2559: 
Type 'ClienteResponse' has 
no properties in common with 
type 'Partial<{ dni: string 
| null; nombre: string | 
null; apellido: string | 
null; telefono: string | 
null; direccion: string | 
null; }>'.[0m 
[1m[35m[plugin 
angular-compiler][0m

    src/app/components/client
e/cliente-form/cliente-form.c
omponent.ts:36:37:
[37m      36 Ôöé            
     this.form.patchValue([3
2mdata[37m);
         ÔòÁ                 
                     
[32m~~~~[0m


[31mX [41;31m[[41;97mERROR
[41;31m][0m [1mTS2559: 
Type 'ProductoResponse' has 
no properties in common with 
type 'Partial<{ nombre: 
string | null; id_categoria: 
number | null; descripcion: 
string | null; stock: number 
| null; precio_costo: number 
| null; precio_venta: number 
| null; }>'.[0m 
[1m[35m[plugin 
angular-compiler][0m

    src/app/components/produc
to/producto-form/producto-for
m.component.ts:37:37:
[37m      37 Ôöé            
     this.form.patchValue([3
2mdata[37m);
         ÔòÁ                 
                     
[32m~~~~[0m


[31mX [41;31m[[41;97mERROR
[41;31m][0m [1mTS2769: No 
overload matches this call.
  Overload 1 of 2, 
'(observerOrNext?: Partial<Ob
server<ReporteVentasResponse>
> | ((value: 
ReporteVentasResponse) => 
void) | undefined): 
Subscription', gave the 
following error.
    Argument of type '(data: 
VentaReporte[]) => void' is 
not assignable to parameter 
of type 'Partial<Observer<Rep
orteVentasResponse>> | 
((value: 
ReporteVentasResponse) => 
void) | undefined'.
      Type '(data: 
VentaReporte[]) => void' is 
not assignable to type 
'(value: 
ReporteVentasResponse) => 
void'.
        Types of parameters 
'data' and 'value' are 
incompatible.
          Type 
'ReporteVentasResponse' is 
missing the following 
properties from type 
'ReporteVenta[]': length, 
pop, push, concat, and 29 
more.
  Overload 2 of 2, '(next?: 
((value: 
ReporteVentasResponse) => 
void) | null | undefined, 
error?: ((error: any) => 
void) | null | undefined, 
complete?: (() => void) | 
null | undefined): 
Subscription', gave the 
following error.
    Argument of type '(data: 
VentaReporte[]) => void' is 
not assignable to parameter 
of type '(value: 
ReporteVentasResponse) => 
void'.
      Types of parameters 
'data' and 'value' are 
incompatible.
        Type 
'ReporteVentasResponse' is 
missing the following 
properties from type 
'ReporteVenta[]': length, 
pop, push, concat, and 29 
more.[0m [1m[35m[plugin 
angular-compiler][0m

    src/app/components/report
es/reporte-ventas/reporte-ven
tas.component.ts:31:50:
[37m      31 Ôöé ...s.servic
e.getVentas(filters).subscrib
e([32m(data: 
VentaReporte[]) => {[37m
         ÔòÁ                 
                          [3
2m~~~~~~~~~~~~~~~~~~~~~~~~~~~
[0m

[39m[22m
